{
  "version": "1.5.0",
  "plugins_used": [
    {
      "name": "ArtifactoryDetector"
    },
    {
      "name": "AWSKeyDetector"
    },
    {
      "name": "AzureStorageKeyDetector"
    },
    {
      "name": "Base64HighEntropyString",
      "limit": 4.5
    },
    {
      "name": "BasicAuthDetector"
    },
    {
      "name": "CloudantDetector"
    },
    {
      "name": "DiscordBotTokenDetector"
    },
    {
      "name": "GitHubTokenDetector"
    },
    {
      "name": "GitLabTokenDetector"
    },
    {
      "name": "HexHighEntropyString",
      "limit": 3.0
    },
    {
      "name": "IbmCloudIamDetector"
    },
    {
      "name": "IbmCosHmacDetector"
    },
    {
      "name": "IPPublicDetector"
    },
    {
      "name": "JwtTokenDetector"
    },
    {
      "name": "KeywordDetector",
      "keyword_exclude": ""
    },
    {
      "name": "MailchimpDetector"
    },
    {
      "name": "NpmDetector"
    },
    {
      "name": "OpenAIDetector"
    },
    {
      "name": "PrivateKeyDetector"
    },
    {
      "name": "PypiTokenDetector"
    },
    {
      "name": "SendGridDetector"
    },
    {
      "name": "SlackDetector"
    },
    {
      "name": "SoftlayerDetector"
    },
    {
      "name": "SquareOAuthDetector"
    },
    {
      "name": "StripeDetector"
    },
    {
      "name": "TelegramBotTokenDetector"
    },
    {
      "name": "TwilioKeyDetector"
    }
  ],
  "filters_used": [
    {
      "path": "detect_secrets.filters.allowlist.is_line_allowlisted"
    },
    {
      "path": "detect_secrets.filters.common.is_baseline_file",
      "filename": ".secrets.baseline"
    },
    {
      "path": "detect_secrets.filters.common.is_ignored_due_to_verification_policies",
      "min_level": 2
    },
    {
      "path": "detect_secrets.filters.heuristic.is_indirect_reference"
    },
    {
      "path": "detect_secrets.filters.heuristic.is_likely_id_string"
    },
    {
      "path": "detect_secrets.filters.heuristic.is_lock_file"
    },
    {
      "path": "detect_secrets.filters.heuristic.is_not_alphanumeric_string"
    },
    {
      "path": "detect_secrets.filters.heuristic.is_potential_uuid"
    },
    {
      "path": "detect_secrets.filters.heuristic.is_prefixed_with_dollar_sign"
    },
    {
      "path": "detect_secrets.filters.heuristic.is_sequential_string"
    },
    {
      "path": "detect_secrets.filters.heuristic.is_swagger_file"
    },
    {
      "path": "detect_secrets.filters.heuristic.is_templated_secret"
    }
  ],
  "results": {
    ".env.example": [
      {
        "type": "Basic Auth Credentials",
        "filename": ".env.example",
        "hashed_secret": "b1f1b5ae999e9e69fda6e829aa2073cc76b4e728",
        "is_verified": false,
        "line_number": 20,
        "is_secret": false
      },
      {
        "type": "Basic Auth Credentials",
        "filename": ".env.example",
        "hashed_secret": "fa9beb99e4029ad5a6615399e7bbae21356086b3",
        "is_verified": false,
        "line_number": 21,
        "is_secret": false
      }
    ],
    "README.md": [
      {
        "type": "Basic Auth Credentials",
        "filename": "README.md",
        "hashed_secret": "fa9beb99e4029ad5a6615399e7bbae21356086b3",
        "is_verified": false,
        "line_number": 118,
        "is_secret": false
      }
    ],
    "infra\\db\\backup\\__init__.py": [
      {
        "type": "Basic Auth Credentials",
        "filename": "infra\\db\\backup\\__init__.py",
        "hashed_secret": "5baa61e4c9b93f3f0682250b6cf8331b7ee68fd8",
        "is_verified": false,
        "line_number": 62,
        "is_secret": false
      }
    ],
    "infra\\db\\backup\\orchestrator.py": [
      {
        "type": "Secret Keyword",
        "filename": "infra\\db\\backup\\orchestrator.py",
        "hashed_secret": "f6ad36891e7d06780321117339e869ad2f894e12",
        "is_verified": false,
        "line_number": 468,
        "is_secret": false
      }
    ],
    "infra\\db\\migrations\\versions\\01628d0d3eb6_create_core_webhook_subscriptions_table.py": [
      {
        "type": "Hex High Entropy String",
        "filename": "infra\\db\\migrations\\versions\\01628d0d3eb6_create_core_webhook_subscriptions_table.py",
        "hashed_secret": "bc9987ae153ff13e23bf438872231c1369e033ee",
        "is_verified": false,
        "line_number": 44,
        "is_secret": false
      },
      {
        "type": "Hex High Entropy String",
        "filename": "infra\\db\\migrations\\versions\\01628d0d3eb6_create_core_webhook_subscriptions_table.py",
        "hashed_secret": "f6c7b53229f565e123f8f7921bd3f8bf709ead74",
        "is_verified": false,
        "line_number": 45,
        "is_secret": false
      }
    ],
    "infra\\db\\migrations\\versions\\2051d06ce0e7_create_core_webhook_replay_records_table.py": [
      {
        "type": "Hex High Entropy String",
        "filename": "infra\\db\\migrations\\versions\\2051d06ce0e7_create_core_webhook_replay_records_table.py",
        "hashed_secret": "f4de23a7cce513c09d27a8a680e7d4615969fcd2",
        "is_verified": false,
        "line_number": 53,
        "is_secret": false
      },
      {
        "type": "Hex High Entropy String",
        "filename": "infra\\db\\migrations\\versions\\2051d06ce0e7_create_core_webhook_replay_records_table.py",
        "hashed_secret": "2bd68c6870d76d9f7553108c2017274e907471b9",
        "is_verified": false,
        "line_number": 54,
        "is_secret": false
      }
    ],
    "infra\\db\\migrations\\versions\\230aeac01e1b_create_core_notifications_table.py": [
      {
        "type": "Hex High Entropy String",
        "filename": "infra\\db\\migrations\\versions\\230aeac01e1b_create_core_notifications_table.py",
        "hashed_secret": "bc9987ae153ff13e23bf438872231c1369e033ee",
        "is_verified": false,
        "line_number": 49,
        "is_secret": false
      }
    ],
    "infra\\db\\migrations\\versions\\2d0730e14a7f_create_core_billing_tables.py": [
      {
        "type": "Hex High Entropy String",
        "filename": "infra\\db\\migrations\\versions\\2d0730e14a7f_create_core_billing_tables.py",
        "hashed_secret": "cb2984eabebd8a3cfe7ab0566e102dc25a396b7d",
        "is_verified": false,
        "line_number": 51,
        "is_secret": false
      }
    ],
    "infra\\db\\migrations\\versions\\2e7cb8c64903_create_core_audit_log_table.py": [
      {
        "type": "Hex High Entropy String",
        "filename": "infra\\db\\migrations\\versions\\2e7cb8c64903_create_core_audit_log_table.py",
        "hashed_secret": "9944f9fb6a00dfb17c00301f5b2f99fcb91bb5da",
        "is_verified": false,
        "line_number": 49,
        "is_secret": false
      },
      {
        "type": "Hex High Entropy String",
        "filename": "infra\\db\\migrations\\versions\\2e7cb8c64903_create_core_audit_log_table.py",
        "hashed_secret": "04b5c1869ee778cdf87709236550d86098b2573d",
        "is_verified": false,
        "line_number": 50,
        "is_secret": false
      }
    ],
    "infra\\db\\migrations\\versions\\3a2522ccb9ea_create_core_api_keys_table.py": [
      {
        "type": "Hex High Entropy String",
        "filename": "infra\\db\\migrations\\versions\\3a2522ccb9ea_create_core_api_keys_table.py",
        "hashed_secret": "9944f9fb6a00dfb17c00301f5b2f99fcb91bb5da",
        "is_verified": false,
        "line_number": 50,
        "is_secret": false
      }
    ],
    "infra\\db\\migrations\\versions\\3fb4e3e2f8de_create_core_idempotency_records_table.py": [
      {
        "type": "Hex High Entropy String",
        "filename": "infra\\db\\migrations\\versions\\3fb4e3e2f8de_create_core_idempotency_records_table.py",
        "hashed_secret": "f4de23a7cce513c09d27a8a680e7d4615969fcd2",
        "is_verified": false,
        "line_number": 58,
        "is_secret": false
      }
    ],
    "infra\\db\\migrations\\versions\\426db78eb60f_create_self_learning_canaries_table.py": [
      {
        "type": "Hex High Entropy String",
        "filename": "infra\\db\\migrations\\versions\\426db78eb60f_create_self_learning_canaries_table.py",
        "hashed_secret": "2bd68c6870d76d9f7553108c2017274e907471b9",
        "is_verified": false,
        "line_number": 53,
        "is_secret": false
      }
    ],
    "infra\\db\\migrations\\versions\\4c1e9a7b2d55_create_core_login_transactions_table.py": [
      {
        "type": "Hex High Entropy String",
        "filename": "infra\\db\\migrations\\versions\\4c1e9a7b2d55_create_core_login_transactions_table.py",
        "hashed_secret": "648ef8c535cd9f90ca669bcf589566a106e86fc2",
        "is_verified": false,
        "line_number": 41,
        "is_secret": false
      }
    ],
    "infra\\db\\migrations\\versions\\5d8c7a635e62_create_core_feature_flags_tables.py": [
      {
        "type": "Hex High Entropy String",
        "filename": "infra\\db\\migrations\\versions\\5d8c7a635e62_create_core_feature_flags_tables.py",
        "hashed_secret": "f6c7b53229f565e123f8f7921bd3f8bf709ead74",
        "is_verified": false,
        "line_number": 47,
        "is_secret": false
      }
    ],
    "infra\\db\\migrations\\versions\\6b4f2d8a91c3_add_tenant_hierarchy_foundation.py": [
      {
        "type": "Hex High Entropy String",
        "filename": "infra\\db\\migrations\\versions\\6b4f2d8a91c3_add_tenant_hierarchy_foundation.py",
        "hashed_secret": "09393bb1244dc6fe52d8d91eb7d1fc2cb8d0f5cc",
        "is_verified": false,
        "line_number": 77,
        "is_secret": false
      },
      {
        "type": "Hex High Entropy String",
        "filename": "infra\\db\\migrations\\versions\\6b4f2d8a91c3_add_tenant_hierarchy_foundation.py",
        "hashed_secret": "648ef8c535cd9f90ca669bcf589566a106e86fc2",
        "is_verified": false,
        "line_number": 78,
        "is_secret": false
      }
    ],
    "infra\\db\\migrations\\versions\\757d55add12a_create_core_usage_events_table.py": [
      {
        "type": "Hex High Entropy String",
        "filename": "infra\\db\\migrations\\versions\\757d55add12a_create_core_usage_events_table.py",
        "hashed_secret": "cb2984eabebd8a3cfe7ab0566e102dc25a396b7d",
        "is_verified": false,
        "line_number": 47,
        "is_secret": false
      }
    ],
    "infra\\db\\migrations\\versions\\770fe52b8468_create_core_identity_tables.py": [
      {
        "type": "Hex High Entropy String",
        "filename": "infra\\db\\migrations\\versions\\770fe52b8468_create_core_identity_tables.py",
        "hashed_secret": "b5a8d9cee79fa531246ad1bdbdd21dc16b4ea6b7",
        "is_verified": false,
        "line_number": 45,
        "is_secret": false
      }
    ],
    "infra\\db\\migrations\\versions\\81ac56902107_create_core_rbac_tables.py": [
      {
        "type": "Hex High Entropy String",
        "filename": "infra\\db\\migrations\\versions\\81ac56902107_create_core_rbac_tables.py",
        "hashed_secret": "04b5c1869ee778cdf87709236550d86098b2573d",
        "is_verified": false,
        "line_number": 55,
        "is_secret": false
      },
      {
        "type": "Hex High Entropy String",
        "filename": "infra\\db\\migrations\\versions\\81ac56902107_create_core_rbac_tables.py",
        "hashed_secret": "b5a8d9cee79fa531246ad1bdbdd21dc16b4ea6b7",
        "is_verified": false,
        "line_number": 56,
        "is_secret": false
      }
    ],
    "tests\\api\\auth\\test_auth_flow_integration.py": [
      {
        "type": "Basic Auth Credentials",
        "filename": "tests\\api\\auth\\test_auth_flow_integration.py",
        "hashed_secret": "b1f1b5ae999e9e69fda6e829aa2073cc76b4e728",
        "is_verified": false,
        "line_number": 27,
        "is_secret": false
      },
      {
        "type": "Basic Auth Credentials",
        "filename": "tests\\api\\auth\\test_auth_flow_integration.py",
        "hashed_secret": "fa9beb99e4029ad5a6615399e7bbae21356086b3",
        "is_verified": false,
        "line_number": 28,
        "is_secret": false
      },
      {
        "type": "Secret Keyword",
        "filename": "tests\\api\\auth\\test_auth_flow_integration.py",
        "hashed_secret": "20ee93b8b5dde6d8344dc9cd8669d1066d6257a7",
        "is_verified": false,
        "line_number": 74,
        "is_secret": false
      }
    ],
    "tests\\api\\test_entitlement_quota_integration.py": [
      {
        "type": "Basic Auth Credentials",
        "filename": "tests\\api\\test_entitlement_quota_integration.py",
        "hashed_secret": "b1f1b5ae999e9e69fda6e829aa2073cc76b4e728",
        "is_verified": false,
        "line_number": 24,
        "is_secret": false
      },
      {
        "type": "Basic Auth Credentials",
        "filename": "tests\\api\\test_entitlement_quota_integration.py",
        "hashed_secret": "fa9beb99e4029ad5a6615399e7bbae21356086b3",
        "is_verified": false,
        "line_number": 25,
        "is_secret": false
      }
    ],
    "tests\\api\\test_health_unit.py": [
      {
        "type": "Basic Auth Credentials",
        "filename": "tests\\api\\test_health_unit.py",
        "hashed_secret": "e5e9fa1ba31ecd1ae84f75caaa474f3a663f05f4",
        "is_verified": false,
        "line_number": 152,
        "is_secret": false
      }
    ],
    "tests\\api\\test_idempotency_http_integration.py": [
      {
        "type": "Basic Auth Credentials",
        "filename": "tests\\api\\test_idempotency_http_integration.py",
        "hashed_secret": "b1f1b5ae999e9e69fda6e829aa2073cc76b4e728",
        "is_verified": false,
        "line_number": 19,
        "is_secret": false
      },
      {
        "type": "Basic Auth Credentials",
        "filename": "tests\\api\\test_idempotency_http_integration.py",
        "hashed_secret": "fa9beb99e4029ad5a6615399e7bbae21356086b3",
        "is_verified": false,
        "line_number": 20,
        "is_secret": false
      }
    ],
    "tests\\api\\test_runtime_integration.py": [
      {
        "type": "Basic Auth Credentials",
        "filename": "tests\\api\\test_runtime_integration.py",
        "hashed_secret": "b1f1b5ae999e9e69fda6e829aa2073cc76b4e728",
        "is_verified": false,
        "line_number": 17,
        "is_secret": false
      }
    ],
    "tests\\api\\test_worker_runtime_integration.py": [
      {
        "type": "Basic Auth Credentials",
        "filename": "tests\\api\\test_worker_runtime_integration.py",
        "hashed_secret": "b1f1b5ae999e9e69fda6e829aa2073cc76b4e728",
        "is_verified": false,
        "line_number": 23,
        "is_secret": false
      },
      {
        "type": "Basic Auth Credentials",
        "filename": "tests\\api\\test_worker_runtime_integration.py",
        "hashed_secret": "fa9beb99e4029ad5a6615399e7bbae21356086b3",
        "is_verified": false,
        "line_number": 24,
        "is_secret": false
      }
    ],
    "tests\\api\\v1\\test_tenant_status_integration.py": [
      {
        "type": "Basic Auth Credentials",
        "filename": "tests\\api\\v1\\test_tenant_status_integration.py",
        "hashed_secret": "b1f1b5ae999e9e69fda6e829aa2073cc76b4e728",
        "is_verified": false,
        "line_number": 22,
        "is_secret": false
      },
      {
        "type": "Basic Auth Credentials",
        "filename": "tests\\api\\v1\\test_tenant_status_integration.py",
        "hashed_secret": "fa9beb99e4029ad5a6615399e7bbae21356086b3",
        "is_verified": false,
        "line_number": 23,
        "is_secret": false
      }
    ],
    "tests\\control_plane\\approvals\\test_approvals_integration.py": [
      {
        "type": "Basic Auth Credentials",
        "filename": "tests\\control_plane\\approvals\\test_approvals_integration.py",
        "hashed_secret": "b1f1b5ae999e9e69fda6e829aa2073cc76b4e728",
        "is_verified": false,
        "line_number": 16,
        "is_secret": false
      },
      {
        "type": "Basic Auth Credentials",
        "filename": "tests\\control_plane\\approvals\\test_approvals_integration.py",
        "hashed_secret": "fa9beb99e4029ad5a6615399e7bbae21356086b3",
        "is_verified": false,
        "line_number": 17,
        "is_secret": false
      }
    ],
    "tests\\control_plane\\approvals\\test_approvals_isolation_integration.py": [
      {
        "type": "Basic Auth Credentials",
        "filename": "tests\\control_plane\\approvals\\test_approvals_isolation_integration.py",
        "hashed_secret": "b1f1b5ae999e9e69fda6e829aa2073cc76b4e728",
        "is_verified": false,
        "line_number": 19,
        "is_secret": false
      },
      {
        "type": "Basic Auth Credentials",
        "filename": "tests\\control_plane\\approvals\\test_approvals_isolation_integration.py",
        "hashed_secret": "fa9beb99e4029ad5a6615399e7bbae21356086b3",
        "is_verified": false,
        "line_number": 20,
        "is_secret": false
      }
    ],
    "tests\\control_plane\\data_authorization\\test_data_authorization_integration.py": [
      {
        "type": "Basic Auth Credentials",
        "filename": "tests\\control_plane\\data_authorization\\test_data_authorization_integration.py",
        "hashed_secret": "b1f1b5ae999e9e69fda6e829aa2073cc76b4e728",
        "is_verified": false,
        "line_number": 12,
        "is_secret": false
      },
      {
        "type": "Basic Auth Credentials",
        "filename": "tests\\control_plane\\data_authorization\\test_data_authorization_integration.py",
        "hashed_secret": "fa9beb99e4029ad5a6615399e7bbae21356086b3",
        "is_verified": false,
        "line_number": 13,
        "is_secret": false
      }
    ],
    "tests\\control_plane\\orchestration\\test_data_authorization_wiring_integration.py": [
      {
        "type": "Basic Auth Credentials",
        "filename": "tests\\control_plane\\orchestration\\test_data_authorization_wiring_integration.py",
        "hashed_secret": "b1f1b5ae999e9e69fda6e829aa2073cc76b4e728",
        "is_verified": false,
        "line_number": 24,
        "is_secret": false
      },
      {
        "type": "Basic Auth Credentials",
        "filename": "tests\\control_plane\\orchestration\\test_data_authorization_wiring_integration.py",
        "hashed_secret": "fa9beb99e4029ad5a6615399e7bbae21356086b3",
        "is_verified": false,
        "line_number": 25,
        "is_secret": false
      }
    ],
    "tests\\control_plane\\orchestration\\test_orchestration_integration.py": [
      {
        "type": "Basic Auth Credentials",
        "filename": "tests\\control_plane\\orchestration\\test_orchestration_integration.py",
        "hashed_secret": "b1f1b5ae999e9e69fda6e829aa2073cc76b4e728",
        "is_verified": false,
        "line_number": 16,
        "is_secret": false
      },
      {
        "type": "Basic Auth Credentials",
        "filename": "tests\\control_plane\\orchestration\\test_orchestration_integration.py",
        "hashed_secret": "fa9beb99e4029ad5a6615399e7bbae21356086b3",
        "is_verified": false,
        "line_number": 17,
        "is_secret": false
      },
      {
        "type": "Secret Keyword",
        "filename": "tests\\control_plane\\orchestration\\test_orchestration_integration.py",
        "hashed_secret": "8b8e5ace558bc1c6a11f617c98a084aac9c6d967",
        "is_verified": false,
        "line_number": 102,
        "is_secret": false
      }
    ],
    "tests\\control_plane\\self_learning\\adaptive\\test_adaptive_integration.py": [
      {
        "type": "Basic Auth Credentials",
        "filename": "tests\\control_plane\\self_learning\\adaptive\\test_adaptive_integration.py",
        "hashed_secret": "b1f1b5ae999e9e69fda6e829aa2073cc76b4e728",
        "is_verified": false,
        "line_number": 18,
        "is_secret": false
      },
      {
        "type": "Basic Auth Credentials",
        "filename": "tests\\control_plane\\self_learning\\adaptive\\test_adaptive_integration.py",
        "hashed_secret": "fa9beb99e4029ad5a6615399e7bbae21356086b3",
        "is_verified": false,
        "line_number": 19,
        "is_secret": false
      }
    ],
    "tests\\control_plane\\self_learning\\autonomous_improvement\\test_autonomous_improvement_integration.py": [
      {
        "type": "Basic Auth Credentials",
        "filename": "tests\\control_plane\\self_learning\\autonomous_improvement\\test_autonomous_improvement_integration.py",
        "hashed_secret": "b1f1b5ae999e9e69fda6e829aa2073cc76b4e728",
        "is_verified": false,
        "line_number": 12,
        "is_secret": false
      },
      {
        "type": "Basic Auth Credentials",
        "filename": "tests\\control_plane\\self_learning\\autonomous_improvement\\test_autonomous_improvement_integration.py",
        "hashed_secret": "fa9beb99e4029ad5a6615399e7bbae21356086b3",
        "is_verified": false,
        "line_number": 13,
        "is_secret": false
      }
    ],
    "tests\\control_plane\\self_learning\\continuous_loop\\test_continuous_loop_integration.py": [
      {
        "type": "Basic Auth Credentials",
        "filename": "tests\\control_plane\\self_learning\\continuous_loop\\test_continuous_loop_integration.py",
        "hashed_secret": "b1f1b5ae999e9e69fda6e829aa2073cc76b4e728",
        "is_verified": false,
        "line_number": 13,
        "is_secret": false
      },
      {
        "type": "Basic Auth Credentials",
        "filename": "tests\\control_plane\\self_learning\\continuous_loop\\test_continuous_loop_integration.py",
        "hashed_secret": "fa9beb99e4029ad5a6615399e7bbae21356086b3",
        "is_verified": false,
        "line_number": 14,
        "is_secret": false
      }
    ],
    "tests\\control_plane\\self_learning\\evaluation\\test_evaluation_integration.py": [
      {
        "type": "Basic Auth Credentials",
        "filename": "tests\\control_plane\\self_learning\\evaluation\\test_evaluation_integration.py",
        "hashed_secret": "b1f1b5ae999e9e69fda6e829aa2073cc76b4e728",
        "is_verified": false,
        "line_number": 13,
        "is_secret": false
      },
      {
        "type": "Basic Auth Credentials",
        "filename": "tests\\control_plane\\self_learning\\evaluation\\test_evaluation_integration.py",
        "hashed_secret": "fa9beb99e4029ad5a6615399e7bbae21356086b3",
        "is_verified": false,
        "line_number": 14,
        "is_secret": false
      }
    ],
    "tests\\control_plane\\self_learning\\experiments\\test_experiments_integration.py": [
      {
        "type": "Basic Auth Credentials",
        "filename": "tests\\control_plane\\self_learning\\experiments\\test_experiments_integration.py",
        "hashed_secret": "b1f1b5ae999e9e69fda6e829aa2073cc76b4e728",
        "is_verified": false,
        "line_number": 20,
        "is_secret": false
      },
      {
        "type": "Basic Auth Credentials",
        "filename": "tests\\control_plane\\self_learning\\experiments\\test_experiments_integration.py",
        "hashed_secret": "fa9beb99e4029ad5a6615399e7bbae21356086b3",
        "is_verified": false,
        "line_number": 21,
        "is_secret": false
      }
    ],
    "tests\\control_plane\\self_learning\\policy_gate\\test_policy_gate_integration.py": [
      {
        "type": "Basic Auth Credentials",
        "filename": "tests\\control_plane\\self_learning\\policy_gate\\test_policy_gate_integration.py",
        "hashed_secret": "b1f1b5ae999e9e69fda6e829aa2073cc76b4e728",
        "is_verified": false,
        "line_number": 14,
        "is_secret": false
      },
      {
        "type": "Basic Auth Credentials",
        "filename": "tests\\control_plane\\self_learning\\policy_gate\\test_policy_gate_integration.py",
        "hashed_secret": "fa9beb99e4029ad5a6615399e7bbae21356086b3",
        "is_verified": false,
        "line_number": 15,
        "is_secret": false
      }
    ],
    "tests\\control_plane\\self_learning\\system_learning\\test_system_learning_integration.py": [
      {
        "type": "Basic Auth Credentials",
        "filename": "tests\\control_plane\\self_learning\\system_learning\\test_system_learning_integration.py",
        "hashed_secret": "b1f1b5ae999e9e69fda6e829aa2073cc76b4e728",
        "is_verified": false,
        "line_number": 15,
        "is_secret": false
      },
      {
        "type": "Basic Auth Credentials",
        "filename": "tests\\control_plane\\self_learning\\system_learning\\test_system_learning_integration.py",
        "hashed_secret": "fa9beb99e4029ad5a6615399e7bbae21356086b3",
        "is_verified": false,
        "line_number": 16,
        "is_secret": false
      }
    ],
    "tests\\control_plane\\self_learning\\test_learning_authorization_integration.py": [
      {
        "type": "Basic Auth Credentials",
        "filename": "tests\\control_plane\\self_learning\\test_learning_authorization_integration.py",
        "hashed_secret": "b1f1b5ae999e9e69fda6e829aa2073cc76b4e728",
        "is_verified": false,
        "line_number": 13,
        "is_secret": false
      },
      {
        "type": "Basic Auth Credentials",
        "filename": "tests\\control_plane\\self_learning\\test_learning_authorization_integration.py",
        "hashed_secret": "fa9beb99e4029ad5a6615399e7bbae21356086b3",
        "is_verified": false,
        "line_number": 14,
        "is_secret": false
      }
    ],
    "tests\\control_plane\\tools\\test_open_pull_request_tool_integration.py": [
      {
        "type": "Basic Auth Credentials",
        "filename": "tests\\control_plane\\tools\\test_open_pull_request_tool_integration.py",
        "hashed_secret": "b1f1b5ae999e9e69fda6e829aa2073cc76b4e728",
        "is_verified": false,
        "line_number": 19,
        "is_secret": false
      },
      {
        "type": "Basic Auth Credentials",
        "filename": "tests\\control_plane\\tools\\test_open_pull_request_tool_integration.py",
        "hashed_secret": "fa9beb99e4029ad5a6615399e7bbae21356086b3",
        "is_verified": false,
        "line_number": 20,
        "is_secret": false
      }
    ],
    "tests\\core\\api_keys\\test_api_keys_integration.py": [
      {
        "type": "Basic Auth Credentials",
        "filename": "tests\\core\\api_keys\\test_api_keys_integration.py",
        "hashed_secret": "b1f1b5ae999e9e69fda6e829aa2073cc76b4e728",
        "is_verified": false,
        "line_number": 14,
        "is_secret": false
      },
      {
        "type": "Basic Auth Credentials",
        "filename": "tests\\core\\api_keys\\test_api_keys_integration.py",
        "hashed_secret": "fa9beb99e4029ad5a6615399e7bbae21356086b3",
        "is_verified": false,
        "line_number": 15,
        "is_secret": false
      }
    ],
    "tests\\core\\api_keys\\test_api_keys_isolation_integration.py": [
      {
        "type": "Basic Auth Credentials",
        "filename": "tests\\core\\api_keys\\test_api_keys_isolation_integration.py",
        "hashed_secret": "b1f1b5ae999e9e69fda6e829aa2073cc76b4e728",
        "is_verified": false,
        "line_number": 21,
        "is_secret": false
      },
      {
        "type": "Basic Auth Credentials",
        "filename": "tests\\core\\api_keys\\test_api_keys_isolation_integration.py",
        "hashed_secret": "fa9beb99e4029ad5a6615399e7bbae21356086b3",
        "is_verified": false,
        "line_number": 22,
        "is_secret": false
      }
    ],
    "tests\\core\\audit_log\\test_audit_log_integration.py": [
      {
        "type": "Basic Auth Credentials",
        "filename": "tests\\core\\audit_log\\test_audit_log_integration.py",
        "hashed_secret": "b1f1b5ae999e9e69fda6e829aa2073cc76b4e728",
        "is_verified": false,
        "line_number": 12,
        "is_secret": false
      },
      {
        "type": "Basic Auth Credentials",
        "filename": "tests\\core\\audit_log\\test_audit_log_integration.py",
        "hashed_secret": "fa9beb99e4029ad5a6615399e7bbae21356086b3",
        "is_verified": false,
        "line_number": 13,
        "is_secret": false
      }
    ],
    "tests\\core\\audit_log\\test_audit_log_isolation_integration.py": [
      {
        "type": "Basic Auth Credentials",
        "filename": "tests\\core\\audit_log\\test_audit_log_isolation_integration.py",
        "hashed_secret": "b1f1b5ae999e9e69fda6e829aa2073cc76b4e728",
        "is_verified": false,
        "line_number": 16,
        "is_secret": false
      },
      {
        "type": "Basic Auth Credentials",
        "filename": "tests\\core\\audit_log\\test_audit_log_isolation_integration.py",
        "hashed_secret": "fa9beb99e4029ad5a6615399e7bbae21356086b3",
        "is_verified": false,
        "line_number": 17,
        "is_secret": false
      }
    ],
    "tests\\core\\audit_log\\test_metadata_validation.py": [
      {
        "type": "Secret Keyword",
        "filename": "tests\\core\\audit_log\\test_metadata_validation.py",
        "hashed_secret": "a4ebfd815601ecc032fce4f324963fc0e229fd14",
        "is_verified": false,
        "line_number": 85,
        "is_secret": false
      },
      {
        "type": "Secret Keyword",
        "filename": "tests\\core\\audit_log\\test_metadata_validation.py",
        "hashed_secret": "76272dc4faf660733711f58c736830d27159fb55",
        "is_verified": false,
        "line_number": 97,
        "is_secret": false
      },
      {
        "type": "Secret Keyword",
        "filename": "tests\\core\\audit_log\\test_metadata_validation.py",
        "hashed_secret": "f46928b19843fb6f5f2867db4a4ccde512ef37d7",
        "is_verified": false,
        "line_number": 104,
        "is_secret": false
      }
    ],
    "tests\\core\\billing\\test_billing_integration.py": [
      {
        "type": "Basic Auth Credentials",
        "filename": "tests\\core\\billing\\test_billing_integration.py",
        "hashed_secret": "b1f1b5ae999e9e69fda6e829aa2073cc76b4e728",
        "is_verified": false,
        "line_number": 13,
        "is_secret": false
      },
      {
        "type": "Basic Auth Credentials",
        "filename": "tests\\core\\billing\\test_billing_integration.py",
        "hashed_secret": "fa9beb99e4029ad5a6615399e7bbae21356086b3",
        "is_verified": false,
        "line_number": 14,
        "is_secret": false
      }
    ],
    "tests\\core\\billing\\test_billing_isolation_integration.py": [
      {
        "type": "Basic Auth Credentials",
        "filename": "tests\\core\\billing\\test_billing_isolation_integration.py",
        "hashed_secret": "b1f1b5ae999e9e69fda6e829aa2073cc76b4e728",
        "is_verified": false,
        "line_number": 17,
        "is_secret": false
      },
      {
        "type": "Basic Auth Credentials",
        "filename": "tests\\core\\billing\\test_billing_isolation_integration.py",
        "hashed_secret": "fa9beb99e4029ad5a6615399e7bbae21356086b3",
        "is_verified": false,
        "line_number": 18,
        "is_secret": false
      }
    ],
    "tests\\core\\billing\\test_billing_stripe_integration.py": [
      {
        "type": "Basic Auth Credentials",
        "filename": "tests\\core\\billing\\test_billing_stripe_integration.py",
        "hashed_secret": "b1f1b5ae999e9e69fda6e829aa2073cc76b4e728",
        "is_verified": false,
        "line_number": 22,
        "is_secret": false
      },
      {
        "type": "Basic Auth Credentials",
        "filename": "tests\\core\\billing\\test_billing_stripe_integration.py",
        "hashed_secret": "fa9beb99e4029ad5a6615399e7bbae21356086b3",
        "is_verified": false,
        "line_number": 23,
        "is_secret": false
      }
    ],
    "tests\\core\\billing\\test_billing_unit.py": [
      {
        "type": "Secret Keyword",
        "filename": "tests\\core\\billing\\test_billing_unit.py",
        "hashed_secret": "ca673f71912728758197676170939877546ceea3",
        "is_verified": false,
        "line_number": 90,
        "is_secret": false
      },
      {
        "type": "Secret Keyword",
        "filename": "tests\\core\\billing\\test_billing_unit.py",
        "hashed_secret": "9fe55967d07d28c4c96397845ded9e7565150dea",
        "is_verified": false,
        "line_number": 115,
        "is_secret": false
      }
    ],
    "tests\\core\\billing\\test_subscribe_idempotent_integration.py": [
      {
        "type": "Basic Auth Credentials",
        "filename": "tests\\core\\billing\\test_subscribe_idempotent_integration.py",
        "hashed_secret": "b1f1b5ae999e9e69fda6e829aa2073cc76b4e728",
        "is_verified": false,
        "line_number": 17,
        "is_secret": false
      },
      {
        "type": "Basic Auth Credentials",
        "filename": "tests\\core\\billing\\test_subscribe_idempotent_integration.py",
        "hashed_secret": "fa9beb99e4029ad5a6615399e7bbae21356086b3",
        "is_verified": false,
        "line_number": 18,
        "is_secret": false
      }
    ],
    "tests\\core\\email\\test_smtp_provider_unit.py": [
      {
        "type": "Secret Keyword",
        "filename": "tests\\core\\email\\test_smtp_provider_unit.py",
        "hashed_secret": "fef341f85d87439e7d91a2d465b9871ef66b5e98",
        "is_verified": false,
        "line_number": 62,
        "is_secret": false
      }
    ],
    "tests\\core\\feature_flags\\test_feature_flags_integration.py": [
      {
        "type": "Basic Auth Credentials",
        "filename": "tests\\core\\feature_flags\\test_feature_flags_integration.py",
        "hashed_secret": "b1f1b5ae999e9e69fda6e829aa2073cc76b4e728",
        "is_verified": false,
        "line_number": 11,
        "is_secret": false
      },
      {
        "type": "Basic Auth Credentials",
        "filename": "tests\\core\\feature_flags\\test_feature_flags_integration.py",
        "hashed_secret": "fa9beb99e4029ad5a6615399e7bbae21356086b3",
        "is_verified": false,
        "line_number": 12,
        "is_secret": false
      }
    ],
    "tests\\core\\feature_flags\\test_feature_flags_isolation_integration.py": [
      {
        "type": "Basic Auth Credentials",
        "filename": "tests\\core\\feature_flags\\test_feature_flags_isolation_integration.py",
        "hashed_secret": "b1f1b5ae999e9e69fda6e829aa2073cc76b4e728",
        "is_verified": false,
        "line_number": 26,
        "is_secret": false
      },
      {
        "type": "Basic Auth Credentials",
        "filename": "tests\\core\\feature_flags\\test_feature_flags_isolation_integration.py",
        "hashed_secret": "fa9beb99e4029ad5a6615399e7bbae21356086b3",
        "is_verified": false,
        "line_number": 27,
        "is_secret": false
      }
    ],
    "tests\\core\\idempotency\\test_idempotency_integration.py": [
      {
        "type": "Basic Auth Credentials",
        "filename": "tests\\core\\idempotency\\test_idempotency_integration.py",
        "hashed_secret": "b1f1b5ae999e9e69fda6e829aa2073cc76b4e728",
        "is_verified": false,
        "line_number": 16,
        "is_secret": false
      },
      {
        "type": "Basic Auth Credentials",
        "filename": "tests\\core\\idempotency\\test_idempotency_integration.py",
        "hashed_secret": "fa9beb99e4029ad5a6615399e7bbae21356086b3",
        "is_verified": false,
        "line_number": 17,
        "is_secret": false
      }
    ],
    "tests\\core\\identity\\test_identity_integration.py": [
      {
        "type": "Basic Auth Credentials",
        "filename": "tests\\core\\identity\\test_identity_integration.py",
        "hashed_secret": "b1f1b5ae999e9e69fda6e829aa2073cc76b4e728",
        "is_verified": false,
        "line_number": 13,
        "is_secret": false
      },
      {
        "type": "Basic Auth Credentials",
        "filename": "tests\\core\\identity\\test_identity_integration.py",
        "hashed_secret": "fa9beb99e4029ad5a6615399e7bbae21356086b3",
        "is_verified": false,
        "line_number": 14,
        "is_secret": false
      }
    ],
    "tests\\core\\identity\\test_identity_isolation_integration.py": [
      {
        "type": "Basic Auth Credentials",
        "filename": "tests\\core\\identity\\test_identity_isolation_integration.py",
        "hashed_secret": "b1f1b5ae999e9e69fda6e829aa2073cc76b4e728",
        "is_verified": false,
        "line_number": 21,
        "is_secret": false
      },
      {
        "type": "Basic Auth Credentials",
        "filename": "tests\\core\\identity\\test_identity_isolation_integration.py",
        "hashed_secret": "fa9beb99e4029ad5a6615399e7bbae21356086b3",
        "is_verified": false,
        "line_number": 22,
        "is_secret": false
      }
    ],
    "tests\\core\\identity\\test_login_transactions_integration.py": [
      {
        "type": "Basic Auth Credentials",
        "filename": "tests\\core\\identity\\test_login_transactions_integration.py",
        "hashed_secret": "b1f1b5ae999e9e69fda6e829aa2073cc76b4e728",
        "is_verified": false,
        "line_number": 9,
        "is_secret": false
      }
    ],
    "tests\\core\\identity\\test_oidc.py": [
      {
        "type": "Secret Keyword",
        "filename": "tests\\core\\identity\\test_oidc.py",
        "hashed_secret": "7790f2ed6cecca59094d81f5208808e5628c6850",
        "is_verified": false,
        "line_number": 368,
        "is_secret": false
      }
    ],
    "tests\\core\\identity\\test_oidc_flow_unit.py": [
      {
        "type": "Base64 High Entropy String",
        "filename": "tests\\core\\identity\\test_oidc_flow_unit.py",
        "hashed_secret": "c0eb1dc5057b4bc59b683c85f34d2f0545e85e46",
        "is_verified": false,
        "line_number": 47,
        "is_secret": false
      },
      {
        "type": "Base64 High Entropy String",
        "filename": "tests\\core\\identity\\test_oidc_flow_unit.py",
        "hashed_secret": "af61ad46b6cd9e34e683e894976ded4441f2d9aa",
        "is_verified": false,
        "line_number": 48,
        "is_secret": false
      },
      {
        "type": "Secret Keyword",
        "filename": "tests\\core\\identity\\test_oidc_flow_unit.py",
        "hashed_secret": "a180aed744fe8e9d5e25c678328fa2c90a9d0e47",
        "is_verified": false,
        "line_number": 157,
        "is_secret": false
      }
    ],
    "tests\\core\\notifications\\test_email_channel_integration.py": [
      {
        "type": "Basic Auth Credentials",
        "filename": "tests\\core\\notifications\\test_email_channel_integration.py",
        "hashed_secret": "b1f1b5ae999e9e69fda6e829aa2073cc76b4e728",
        "is_verified": false,
        "line_number": 19,
        "is_secret": false
      },
      {
        "type": "Basic Auth Credentials",
        "filename": "tests\\core\\notifications\\test_email_channel_integration.py",
        "hashed_secret": "fa9beb99e4029ad5a6615399e7bbae21356086b3",
        "is_verified": false,
        "line_number": 20,
        "is_secret": false
      },
      {
        "type": "Secret Keyword",
        "filename": "tests\\core\\notifications\\test_email_channel_integration.py",
        "hashed_secret": "672eceee9b59e56a44dfc6d690241647c93882fa",
        "is_verified": false,
        "line_number": 300,
        "is_secret": false
      },
      {
        "type": "Secret Keyword",
        "filename": "tests\\core\\notifications\\test_email_channel_integration.py",
        "hashed_secret": "ddd18b5e08662705e3a04426d523099da34ea936",
        "is_verified": false,
        "line_number": 301,
        "is_secret": false
      }
    ],
    "tests\\core\\notifications\\test_email_channel_unit.py": [
      {
        "type": "Secret Keyword",
        "filename": "tests\\core\\notifications\\test_email_channel_unit.py",
        "hashed_secret": "672eceee9b59e56a44dfc6d690241647c93882fa",
        "is_verified": false,
        "line_number": 244,
        "is_secret": false
      },
      {
        "type": "Secret Keyword",
        "filename": "tests\\core\\notifications\\test_email_channel_unit.py",
        "hashed_secret": "806d84bd723ce26c8c11be63cb9d057053645740",
        "is_verified": false,
        "line_number": 245,
        "is_secret": false
      }
    ],
    "tests\\core\\notifications\\test_notifications_integration.py": [
      {
        "type": "Basic Auth Credentials",
        "filename": "tests\\core\\notifications\\test_notifications_integration.py",
        "hashed_secret": "b1f1b5ae999e9e69fda6e829aa2073cc76b4e728",
        "is_verified": false,
        "line_number": 17,
        "is_secret": false
      },
      {
        "type": "Basic Auth Credentials",
        "filename": "tests\\core\\notifications\\test_notifications_integration.py",
        "hashed_secret": "fa9beb99e4029ad5a6615399e7bbae21356086b3",
        "is_verified": false,
        "line_number": 18,
        "is_secret": false
      }
    ],
    "tests\\core\\notifications\\test_notifications_isolation_integration.py": [
      {
        "type": "Basic Auth Credentials",
        "filename": "tests\\core\\notifications\\test_notifications_isolation_integration.py",
        "hashed_secret": "b1f1b5ae999e9e69fda6e829aa2073cc76b4e728",
        "is_verified": false,
        "line_number": 17,
        "is_secret": false
      },
      {
        "type": "Basic Auth Credentials",
        "filename": "tests\\core\\notifications\\test_notifications_isolation_integration.py",
        "hashed_secret": "fa9beb99e4029ad5a6615399e7bbae21356086b3",
        "is_verified": false,
        "line_number": 18,
        "is_secret": false
      }
    ],
    "tests\\core\\rbac\\test_authorization_integration.py": [
      {
        "type": "Basic Auth Credentials",
        "filename": "tests\\core\\rbac\\test_authorization_integration.py",
        "hashed_secret": "b1f1b5ae999e9e69fda6e829aa2073cc76b4e728",
        "is_verified": false,
        "line_number": 13,
        "is_secret": false
      },
      {
        "type": "Basic Auth Credentials",
        "filename": "tests\\core\\rbac\\test_authorization_integration.py",
        "hashed_secret": "fa9beb99e4029ad5a6615399e7bbae21356086b3",
        "is_verified": false,
        "line_number": 14,
        "is_secret": false
      }
    ],
    "tests\\core\\rbac\\test_rbac_integration.py": [
      {
        "type": "Basic Auth Credentials",
        "filename": "tests\\core\\rbac\\test_rbac_integration.py",
        "hashed_secret": "b1f1b5ae999e9e69fda6e829aa2073cc76b4e728",
        "is_verified": false,
        "line_number": 12,
        "is_secret": false
      },
      {
        "type": "Basic Auth Credentials",
        "filename": "tests\\core\\rbac\\test_rbac_integration.py",
        "hashed_secret": "fa9beb99e4029ad5a6615399e7bbae21356086b3",
        "is_verified": false,
        "line_number": 13,
        "is_secret": false
      }
    ],
    "tests\\core\\rbac\\test_rbac_isolation_integration.py": [
      {
        "type": "Basic Auth Credentials",
        "filename": "tests\\core\\rbac\\test_rbac_isolation_integration.py",
        "hashed_secret": "b1f1b5ae999e9e69fda6e829aa2073cc76b4e728",
        "is_verified": false,
        "line_number": 17,
        "is_secret": false
      },
      {
        "type": "Basic Auth Credentials",
        "filename": "tests\\core\\rbac\\test_rbac_isolation_integration.py",
        "hashed_secret": "fa9beb99e4029ad5a6615399e7bbae21356086b3",
        "is_verified": false,
        "line_number": 18,
        "is_secret": false
      }
    ],
    "tests\\core\\tenancy\\test_tenancy_integration.py": [
      {
        "type": "Basic Auth Credentials",
        "filename": "tests\\core\\tenancy\\test_tenancy_integration.py",
        "hashed_secret": "fa9beb99e4029ad5a6615399e7bbae21356086b3",
        "is_verified": false,
        "line_number": 13,
        "is_secret": false
      }
    ],
    "tests\\core\\tenancy\\test_tenant_hierarchy_integration.py": [
      {
        "type": "Basic Auth Credentials",
        "filename": "tests\\core\\tenancy\\test_tenant_hierarchy_integration.py",
        "hashed_secret": "b1f1b5ae999e9e69fda6e829aa2073cc76b4e728",
        "is_verified": false,
        "line_number": 12,
        "is_secret": false
      },
      {
        "type": "Basic Auth Credentials",
        "filename": "tests\\core\\tenancy\\test_tenant_hierarchy_integration.py",
        "hashed_secret": "fa9beb99e4029ad5a6615399e7bbae21356086b3",
        "is_verified": false,
        "line_number": 13,
        "is_secret": false
      }
    ],
    "tests\\core\\tenancy\\test_tenant_isolation_integration.py": [
      {
        "type": "Basic Auth Credentials",
        "filename": "tests\\core\\tenancy\\test_tenant_isolation_integration.py",
        "hashed_secret": "b1f1b5ae999e9e69fda6e829aa2073cc76b4e728",
        "is_verified": false,
        "line_number": 12,
        "is_secret": false
      },
      {
        "type": "Basic Auth Credentials",
        "filename": "tests\\core\\tenancy\\test_tenant_isolation_integration.py",
        "hashed_secret": "fa9beb99e4029ad5a6615399e7bbae21356086b3",
        "is_verified": false,
        "line_number": 13,
        "is_secret": false
      }
    ],
    "tests\\core\\usage\\test_idempotent_quota_integration.py": [
      {
        "type": "Basic Auth Credentials",
        "filename": "tests\\core\\usage\\test_idempotent_quota_integration.py",
        "hashed_secret": "b1f1b5ae999e9e69fda6e829aa2073cc76b4e728",
        "is_verified": false,
        "line_number": 20,
        "is_secret": false
      },
      {
        "type": "Basic Auth Credentials",
        "filename": "tests\\core\\usage\\test_idempotent_quota_integration.py",
        "hashed_secret": "fa9beb99e4029ad5a6615399e7bbae21356086b3",
        "is_verified": false,
        "line_number": 21,
        "is_secret": false
      }
    ],
    "tests\\core\\usage\\test_quota_enforcement_integration.py": [
      {
        "type": "Basic Auth Credentials",
        "filename": "tests\\core\\usage\\test_quota_enforcement_integration.py",
        "hashed_secret": "b1f1b5ae999e9e69fda6e829aa2073cc76b4e728",
        "is_verified": false,
        "line_number": 17,
        "is_secret": false
      },
      {
        "type": "Basic Auth Credentials",
        "filename": "tests\\core\\usage\\test_quota_enforcement_integration.py",
        "hashed_secret": "fa9beb99e4029ad5a6615399e7bbae21356086b3",
        "is_verified": false,
        "line_number": 18,
        "is_secret": false
      }
    ],
    "tests\\core\\usage\\test_usage_integration.py": [
      {
        "type": "Basic Auth Credentials",
        "filename": "tests\\core\\usage\\test_usage_integration.py",
        "hashed_secret": "b1f1b5ae999e9e69fda6e829aa2073cc76b4e728",
        "is_verified": false,
        "line_number": 15,
        "is_secret": false
      },
      {
        "type": "Basic Auth Credentials",
        "filename": "tests\\core\\usage\\test_usage_integration.py",
        "hashed_secret": "fa9beb99e4029ad5a6615399e7bbae21356086b3",
        "is_verified": false,
        "line_number": 16,
        "is_secret": false
      }
    ],
    "tests\\core\\usage\\test_usage_isolation_integration.py": [
      {
        "type": "Basic Auth Credentials",
        "filename": "tests\\core\\usage\\test_usage_isolation_integration.py",
        "hashed_secret": "b1f1b5ae999e9e69fda6e829aa2073cc76b4e728",
        "is_verified": false,
        "line_number": 17,
        "is_secret": false
      },
      {
        "type": "Basic Auth Credentials",
        "filename": "tests\\core\\usage\\test_usage_isolation_integration.py",
        "hashed_secret": "fa9beb99e4029ad5a6615399e7bbae21356086b3",
        "is_verified": false,
        "line_number": 18,
        "is_secret": false
      }
    ],
    "tests\\core\\webhooks\\test_replay_protection_integration.py": [
      {
        "type": "Basic Auth Credentials",
        "filename": "tests\\core\\webhooks\\test_replay_protection_integration.py",
        "hashed_secret": "b1f1b5ae999e9e69fda6e829aa2073cc76b4e728",
        "is_verified": false,
        "line_number": 16,
        "is_secret": false
      },
      {
        "type": "Basic Auth Credentials",
        "filename": "tests\\core\\webhooks\\test_replay_protection_integration.py",
        "hashed_secret": "fa9beb99e4029ad5a6615399e7bbae21356086b3",
        "is_verified": false,
        "line_number": 17,
        "is_secret": false
      }
    ],
    "tests\\core\\webhooks\\test_replay_protection_unit.py": [
      {
        "type": "Secret Keyword",
        "filename": "tests\\core\\webhooks\\test_replay_protection_unit.py",
        "hashed_secret": "8039faf1d2178aa7d5abf78d782e87129c863045",
        "is_verified": false,
        "line_number": 28,
        "is_secret": false
      }
    ],
    "tests\\core\\webhooks\\test_webhooks_delivery_integration.py": [
      {
        "type": "Basic Auth Credentials",
        "filename": "tests\\core\\webhooks\\test_webhooks_delivery_integration.py",
        "hashed_secret": "b1f1b5ae999e9e69fda6e829aa2073cc76b4e728",
        "is_verified": false,
        "line_number": 17,
        "is_secret": false
      },
      {
        "type": "Basic Auth Credentials",
        "filename": "tests\\core\\webhooks\\test_webhooks_delivery_integration.py",
        "hashed_secret": "fa9beb99e4029ad5a6615399e7bbae21356086b3",
        "is_verified": false,
        "line_number": 18,
        "is_secret": false
      }
    ],
    "tests\\core\\webhooks\\test_webhooks_integration.py": [
      {
        "type": "Basic Auth Credentials",
        "filename": "tests\\core\\webhooks\\test_webhooks_integration.py",
        "hashed_secret": "b1f1b5ae999e9e69fda6e829aa2073cc76b4e728",
        "is_verified": false,
        "line_number": 11,
        "is_secret": false
      },
      {
        "type": "Basic Auth Credentials",
        "filename": "tests\\core\\webhooks\\test_webhooks_integration.py",
        "hashed_secret": "fa9beb99e4029ad5a6615399e7bbae21356086b3",
        "is_verified": false,
        "line_number": 12,
        "is_secret": false
      }
    ],
    "tests\\core\\webhooks\\test_webhooks_isolation_integration.py": [
      {
        "type": "Basic Auth Credentials",
        "filename": "tests\\core\\webhooks\\test_webhooks_isolation_integration.py",
        "hashed_secret": "b1f1b5ae999e9e69fda6e829aa2073cc76b4e728",
        "is_verified": false,
        "line_number": 17,
        "is_secret": false
      },
      {
        "type": "Basic Auth Credentials",
        "filename": "tests\\core\\webhooks\\test_webhooks_isolation_integration.py",
        "hashed_secret": "fa9beb99e4029ad5a6615399e7bbae21356086b3",
        "is_verified": false,
        "line_number": 18,
        "is_secret": false
      }
    ],
    "tests\\core\\webhooks\\test_webhooks_unit.py": [
      {
        "type": "Secret Keyword",
        "filename": "tests\\core\\webhooks\\test_webhooks_unit.py",
        "hashed_secret": "8039faf1d2178aa7d5abf78d782e87129c863045",
        "is_verified": false,
        "line_number": 21,
        "is_secret": false
      },
      {
        "type": "Secret Keyword",
        "filename": "tests\\core\\webhooks\\test_webhooks_unit.py",
        "hashed_secret": "11d6ea9f100bf1941c86ecafa9e0723406615a5b",
        "is_verified": false,
        "line_number": 34,
        "is_secret": false
      }
    ],
    "tests\\infra\\db\\test_api_keys_migration_rollback.py": [
      {
        "type": "Basic Auth Credentials",
        "filename": "tests\\infra\\db\\test_api_keys_migration_rollback.py",
        "hashed_secret": "fa9beb99e4029ad5a6615399e7bbae21356086b3",
        "is_verified": false,
        "line_number": 19,
        "is_secret": false
      },
      {
        "type": "Secret Keyword",
        "filename": "tests\\infra\\db\\test_api_keys_migration_rollback.py",
        "hashed_secret": "fc349ee5767bf6471d0f66fa13522744b1f8e329",
        "is_verified": false,
        "line_number": 44,
        "is_secret": false
      },
      {
        "type": "Hex High Entropy String",
        "filename": "tests\\infra\\db\\test_api_keys_migration_rollback.py",
        "hashed_secret": "9944f9fb6a00dfb17c00301f5b2f99fcb91bb5da",
        "is_verified": false,
        "line_number": 45,
        "is_secret": false
      }
    ],
    "tests\\infra\\db\\test_audit_log_migration_rollback.py": [
      {
        "type": "Basic Auth Credentials",
        "filename": "tests\\infra\\db\\test_audit_log_migration_rollback.py",
        "hashed_secret": "fa9beb99e4029ad5a6615399e7bbae21356086b3",
        "is_verified": false,
        "line_number": 22,
        "is_secret": false
      },
      {
        "type": "Hex High Entropy String",
        "filename": "tests\\infra\\db\\test_audit_log_migration_rollback.py",
        "hashed_secret": "9944f9fb6a00dfb17c00301f5b2f99fcb91bb5da",
        "is_verified": false,
        "line_number": 52,
        "is_secret": false
      },
      {
        "type": "Hex High Entropy String",
        "filename": "tests\\infra\\db\\test_audit_log_migration_rollback.py",
        "hashed_secret": "04b5c1869ee778cdf87709236550d86098b2573d",
        "is_verified": false,
        "line_number": 53,
        "is_secret": false
      }
    ],
    "tests\\infra\\db\\test_backup_destination_unit.py": [
      {
        "type": "Secret Keyword",
        "filename": "tests\\infra\\db\\test_backup_destination_unit.py",
        "hashed_secret": "aa87bcf7ae4f2c8d68b0af6fd63f0317d51e54b3",
        "is_verified": false,
        "line_number": 138,
        "is_secret": false
      }
    ],
    "tests\\infra\\db\\test_backup_orchestrator_unit.py": [
      {
        "type": "Basic Auth Credentials",
        "filename": "tests\\infra\\db\\test_backup_orchestrator_unit.py",
        "hashed_secret": "1a91d62f7ca67399625a4368a6ab5d4a3baa6073",
        "is_verified": false,
        "line_number": 64,
        "is_secret": false
      }
    ],
    "tests\\infra\\db\\test_backup_restore_drill_integration.py": [
      {
        "type": "Basic Auth Credentials",
        "filename": "tests\\infra\\db\\test_backup_restore_drill_integration.py",
        "hashed_secret": "a3a4913174eee0ddc76eadd73e3ae4fed1818e01",
        "is_verified": false,
        "line_number": 178,
        "is_secret": false
      },
      {
        "type": "Basic Auth Credentials",
        "filename": "tests\\infra\\db\\test_backup_restore_drill_integration.py",
        "hashed_secret": "c187fa6b669d1a7f3fe4fa2912fae21eb2fc169a",
        "is_verified": false,
        "line_number": 181,
        "is_secret": false
      }
    ],
    "tests\\infra\\db\\test_billing_migration_rollback.py": [
      {
        "type": "Basic Auth Credentials",
        "filename": "tests\\infra\\db\\test_billing_migration_rollback.py",
        "hashed_secret": "fa9beb99e4029ad5a6615399e7bbae21356086b3",
        "is_verified": false,
        "line_number": 19,
        "is_secret": false
      },
      {
        "type": "Hex High Entropy String",
        "filename": "tests\\infra\\db\\test_billing_migration_rollback.py",
        "hashed_secret": "cb2984eabebd8a3cfe7ab0566e102dc25a396b7d",
        "is_verified": false,
        "line_number": 48,
        "is_secret": false
      }
    ],
    "tests\\infra\\db\\test_canaries_migration_rollback.py": [
      {
        "type": "Basic Auth Credentials",
        "filename": "tests\\infra\\db\\test_canaries_migration_rollback.py",
        "hashed_secret": "fa9beb99e4029ad5a6615399e7bbae21356086b3",
        "is_verified": false,
        "line_number": 20,
        "is_secret": false
      },
      {
        "type": "Hex High Entropy String",
        "filename": "tests\\infra\\db\\test_canaries_migration_rollback.py",
        "hashed_secret": "2bd68c6870d76d9f7553108c2017274e907471b9",
        "is_verified": false,
        "line_number": 77,
        "is_secret": false
      }
    ],
    "tests\\infra\\db\\test_control_plane_approval_requests_migration_rollback.py": [
      {
        "type": "Basic Auth Credentials",
        "filename": "tests\\infra\\db\\test_control_plane_approval_requests_migration_rollback.py",
        "hashed_secret": "fa9beb99e4029ad5a6615399e7bbae21356086b3",
        "is_verified": false,
        "line_number": 20,
        "is_secret": false
      }
    ],
    "tests\\infra\\db\\test_experiments_migration_rollback.py": [
      {
        "type": "Basic Auth Credentials",
        "filename": "tests\\infra\\db\\test_experiments_migration_rollback.py",
        "hashed_secret": "fa9beb99e4029ad5a6615399e7bbae21356086b3",
        "is_verified": false,
        "line_number": 20,
        "is_secret": false
      }
    ],
    "tests\\infra\\db\\test_feature_flags_migration_rollback.py": [
      {
        "type": "Basic Auth Credentials",
        "filename": "tests\\infra\\db\\test_feature_flags_migration_rollback.py",
        "hashed_secret": "fa9beb99e4029ad5a6615399e7bbae21356086b3",
        "is_verified": false,
        "line_number": 18,
        "is_secret": false
      },
      {
        "type": "Hex High Entropy String",
        "filename": "tests\\infra\\db\\test_feature_flags_migration_rollback.py",
        "hashed_secret": "f6c7b53229f565e123f8f7921bd3f8bf709ead74",
        "is_verified": false,
        "line_number": 46,
        "is_secret": false
      },
      {
        "type": "Secret Keyword",
        "filename": "tests\\infra\\db\\test_feature_flags_migration_rollback.py",
        "hashed_secret": "fc349ee5767bf6471d0f66fa13522744b1f8e329",
        "is_verified": false,
        "line_number": 47,
        "is_secret": false
      }
    ],
    "tests\\infra\\db\\test_identity_migration_rollback.py": [
      {
        "type": "Basic Auth Credentials",
        "filename": "tests\\infra\\db\\test_identity_migration_rollback.py",
        "hashed_secret": "fa9beb99e4029ad5a6615399e7bbae21356086b3",
        "is_verified": false,
        "line_number": 20,
        "is_secret": false
      },
      {
        "type": "Hex High Entropy String",
        "filename": "tests\\infra\\db\\test_identity_migration_rollback.py",
        "hashed_secret": "b5a8d9cee79fa531246ad1bdbdd21dc16b4ea6b7",
        "is_verified": false,
        "line_number": 40,
        "is_secret": false
      }
    ],
    "tests\\infra\\db\\test_login_transactions_migration_rollback.py": [
      {
        "type": "Basic Auth Credentials",
        "filename": "tests\\infra\\db\\test_login_transactions_migration_rollback.py",
        "hashed_secret": "fa9beb99e4029ad5a6615399e7bbae21356086b3",
        "is_verified": false,
        "line_number": 14,
        "is_secret": false
      },
      {
        "type": "Hex High Entropy String",
        "filename": "tests\\infra\\db\\test_login_transactions_migration_rollback.py",
        "hashed_secret": "648ef8c535cd9f90ca669bcf589566a106e86fc2",
        "is_verified": false,
        "line_number": 34,
        "is_secret": false
      }
    ],
    "tests\\infra\\db\\test_migration_graph_unit.py": [
      {
        "type": "Hex High Entropy String",
        "filename": "tests\\infra\\db\\test_migration_graph_unit.py",
        "hashed_secret": "0fe30f13a4483a5d1c3ef4a9a643bfdf34ff6c5c",
        "is_verified": false,
        "line_number": 30,
        "is_secret": false
      }
    ],
    "tests\\infra\\db\\test_notifications_migration_rollback.py": [
      {
        "type": "Basic Auth Credentials",
        "filename": "tests\\infra\\db\\test_notifications_migration_rollback.py",
        "hashed_secret": "fa9beb99e4029ad5a6615399e7bbae21356086b3",
        "is_verified": false,
        "line_number": 19,
        "is_secret": false
      },
      {
        "type": "Hex High Entropy String",
        "filename": "tests\\infra\\db\\test_notifications_migration_rollback.py",
        "hashed_secret": "bc9987ae153ff13e23bf438872231c1369e033ee",
        "is_verified": false,
        "line_number": 44,
        "is_secret": false
      }
    ],
    "tests\\infra\\db\\test_rbac_migration_rollback.py": [
      {
        "type": "Basic Auth Credentials",
        "filename": "tests\\infra\\db\\test_rbac_migration_rollback.py",
        "hashed_secret": "fa9beb99e4029ad5a6615399e7bbae21356086b3",
        "is_verified": false,
        "line_number": 22,
        "is_secret": false
      },
      {
        "type": "Hex High Entropy String",
        "filename": "tests\\infra\\db\\test_rbac_migration_rollback.py",
        "hashed_secret": "04b5c1869ee778cdf87709236550d86098b2573d",
        "is_verified": false,
        "line_number": 47,
        "is_secret": false
      },
      {
        "type": "Hex High Entropy String",
        "filename": "tests\\infra\\db\\test_rbac_migration_rollback.py",
        "hashed_secret": "b5a8d9cee79fa531246ad1bdbdd21dc16b4ea6b7",
        "is_verified": false,
        "line_number": 48,
        "is_secret": false
      }
    ],
    "tests\\infra\\db\\test_role_guard_integration.py": [
      {
        "type": "Basic Auth Credentials",
        "filename": "tests\\infra\\db\\test_role_guard_integration.py",
        "hashed_secret": "b1f1b5ae999e9e69fda6e829aa2073cc76b4e728",
        "is_verified": false,
        "line_number": 17,
        "is_secret": false
      },
      {
        "type": "Basic Auth Credentials",
        "filename": "tests\\infra\\db\\test_role_guard_integration.py",
        "hashed_secret": "fa9beb99e4029ad5a6615399e7bbae21356086b3",
        "is_verified": false,
        "line_number": 18,
        "is_secret": false
      }
    ],
    "tests\\infra\\db\\test_usage_migration_rollback.py": [
      {
        "type": "Basic Auth Credentials",
        "filename": "tests\\infra\\db\\test_usage_migration_rollback.py",
        "hashed_secret": "fa9beb99e4029ad5a6615399e7bbae21356086b3",
        "is_verified": false,
        "line_number": 20,
        "is_secret": false
      },
      {
        "type": "Hex High Entropy String",
        "filename": "tests\\infra\\db\\test_usage_migration_rollback.py",
        "hashed_secret": "cb2984eabebd8a3cfe7ab0566e102dc25a396b7d",
        "is_verified": false,
        "line_number": 47,
        "is_secret": false
      }
    ],
    "tests\\infra\\db\\test_webhooks_migration_rollback.py": [
      {
        "type": "Basic Auth Credentials",
        "filename": "tests\\infra\\db\\test_webhooks_migration_rollback.py",
        "hashed_secret": "fa9beb99e4029ad5a6615399e7bbae21356086b3",
        "is_verified": false,
        "line_number": 19,
        "is_secret": false
      },
      {
        "type": "Hex High Entropy String",
        "filename": "tests\\infra\\db\\test_webhooks_migration_rollback.py",
        "hashed_secret": "bc9987ae153ff13e23bf438872231c1369e033ee",
        "is_verified": false,
        "line_number": 48,
        "is_secret": false
      },
      {
        "type": "Hex High Entropy String",
        "filename": "tests\\infra\\db\\test_webhooks_migration_rollback.py",
        "hashed_secret": "f6c7b53229f565e123f8f7921bd3f8bf709ead74",
        "is_verified": false,
        "line_number": 49,
        "is_secret": false
      }
    ],
    "tests\\infra\\health\\test_health_integration.py": [
      {
        "type": "Basic Auth Credentials",
        "filename": "tests\\infra\\health\\test_health_integration.py",
        "hashed_secret": "fa9beb99e4029ad5a6615399e7bbae21356086b3",
        "is_verified": false,
        "line_number": 13,
        "is_secret": false
      }
    ],
    "tests\\infra\\observability\\test_logging.py": [
      {
        "type": "Secret Keyword",
        "filename": "tests\\infra\\observability\\test_logging.py",
        "hashed_secret": "42ea721b139b35faeeb17f001285bac0a444d67e",
        "is_verified": false,
        "line_number": 121,
        "is_secret": false
      }
    ],
    "tests\\infra\\test_db_integration.py": [
      {
        "type": "Basic Auth Credentials",
        "filename": "tests\\infra\\test_db_integration.py",
        "hashed_secret": "b1f1b5ae999e9e69fda6e829aa2073cc76b4e728",
        "is_verified": false,
        "line_number": 14,
        "is_secret": false
      },
      {
        "type": "Basic Auth Credentials",
        "filename": "tests\\infra\\test_db_integration.py",
        "hashed_secret": "fa9beb99e4029ad5a6615399e7bbae21356086b3",
        "is_verified": false,
        "line_number": 15,
        "is_secret": false
      }
    ]
  },
  "generated_at": "2026-09-10T20:25:24Z"
}
